Script started on Fri 31 Mar 2017 11:23:53 PM EDT
root@js-156-92:/class/assignment/Submitted# as [K[K[Kgcc Part3b.c -o part[K[K[K[KPart3b
Part3b.c: In function â€˜dumbâ€™:
Part3b.c:31:11: warning: assignment makes integer from pointer without a cast [enabled by default]
      *hold=filename;
           ^
Part3b.c: In function â€˜mainâ€™:
Part3b.c:49:7: warning: format â€˜%dâ€™ expects argument of type â€˜intâ€™, but argument 2 has type â€˜size_tâ€™ [-Wformat=]
       printf("\\Length of Input String:%d\\", strlen(string));
       ^
root@js-156-92:/class/assignment/Submitted# ./Part3b


Error: No Command Line arg for vuln was given


Value of Test:7fffffffba78
Value of filename[0]:7fffffffba80
The attack buffer is going to need to be a little bit bigger than:ffff800000004580
root@js-156-92:/class/assignment/Submitted# ./Part3bgcc Part3b.c -o Part3bexit[K[K[K[K[Kpart[K[K[K[Kgcc -fno-statc[K[Kk[Kck-protector par[K[K[KPart3b.c -o  [K[A[C[C[C[C[C[C[C[C[C[C[C[C[C[C[C[C[C[C[C[C[C[C[C[C[C[C[C[C[C[C[C[C[C[C[C[C[C[C[C[C[C[C[C[C[C[C[C[C[C[C[C[C[C[C[C[C[C[C[C[C[C[C[C[C[C[C[C[C[C[C[C[C[C[C[C[C[C[C[C[K
[K[A[C[C[C[C[C[C[C[C[C[C[C[C[C[C[C[C[C[C[C[C[C[C[C[C[C[C[C[C[C[C[C[C[C[C[C[C[C[C[C[C[C[C[C[C[C[C[C[C[C[C[C[C[C[C[C[C[C[C[C[C[C[C[C[C[C[C[C[C[C[C[C[C[C[C[C[C[C[C[Co  Part3b
Part3b.c: In function â€˜dumbâ€™:
Part3b.c:31:11: warning: assignment makes integer from pointer without a cast [enabled by default]
      *hold=filename;
           ^
Part3b.c: In function â€˜mainâ€™:
Part3b.c:49:7: warning: format â€˜%dâ€™ expects argument of type â€˜intâ€™, but argument 2 has type â€˜size_tâ€™ [-Wformat=]
       printf("\\Length of Input String:%d\\", strlen(string));
       ^
root@js-156-92:/class/assignment/Submitted# ./Part3b


Error: No Command Line arg for vuln was given


Value of Test:7fffffffbe98
Value of filename[0]:7fffffffba90
The attack buffer is going to need to be a little bit bigger than:2b50
Segmentation fault (core dumped)
root@js-156-92:/class/assignment/Submitted# ./Part3bgcc -fno-stack-protector Part3b.c -o  Part3b[A[C[C[C[C[C[C[C[C[C[C[C[C[C[C[C[C[C[C[C[C[C[C[C[C[C[C[C[C[C[C[C[C[C[C[C[C[C[C[C[C[C[C[C[C[C[C[C[C[C[C[C[C[C[C[C[C[C[C[C[C[C[C[C[C[C[C[C[C[C[C[C[C[C[C[C[C[C[C[CPart3b.c -o P[1Part3b[A[C[C[C[C[C[C[C[C[C[C[C[C[C[C[C[C[C[C[C[C[C[C[C[C[C[C[C[C[C[C[C[C[C[C[C[C[C[C[C[C[C[C[C[C[C[C[C[C[C[C[C[C[C[C[C[C[C[C[C[C[C[CPart3b.c -o Pa[1Prt3b[A[C[C[C[C[C[C[C[C[C[C[C[C[C[C[C[C[C[C[C[C[C[C[C[C[C[C[C[C[C[C[C[C[C[C[C[C[C[C[C[C[C[C[C[C[C[C[C[C[C[C[C[C[C[C[C[C[C[C[C[C[C[CPart3b.c -o Par[1Pt3b[A[C[C[C[C[C[C[C[C[C[C[C[C[C[C[C[C[C[C[C[C[C[C[C[C[C[C[C[C[C[C[C[C[C[C[C[C[C[C[C[C[C[C[C[C[C[C[C[C[C[C[C[C[C[C[C[C[C[C[C[C[C[CPart3b.c -o Part[1P3b[A[C[C[C[C[C[C[C[C[C[C[C[C[C[C[C[C[C[C[C[C[C[C[C[C[C[C[C[C[C[C[C[C[C[C[C[C[C[C[C[C[C[C[C[C[C[C[C[C[C[C[C[C[C[C[C[C[C[C[C[C[C[CPart3b.c -o Part3[1Pb[A[C[C[C[C[C[C[C[C[C[C[C[C[C[C[C[C[C[C[C[C[C[C[C[C[C[C[C[C[C[C[C[C[C[C[C[C[C[C[C[C[C[C[C[C[C[C[C[C[C[C[C[C[C[C[C[C[C[C[C[C[C[CPart3b.c -o Part3b[K[A[C[C[C[C[C[C[C[C[C[C[C[C[C[C[C[C[C[C[C[C[C[C[C[C[C[C[C[C[C[C[C[C[C[C[C[C[C[C[C[C[C[C[C[C[C[C[C[C[C[C[C[C[C[C[C[C[C[C[C[C[C[CPart3b.c -o Part3b [K[A[C[C[C[C[C[C[C[C[C[C[C[C[C[C[C[C[C[C[C[C[C[C[C[C[C[C[C[C[C[C[C[C[C[C[C[C[C[C[C[C[C[C[C[C[C[C[C[C[C[C[C[C[C[C[C[C[C[C[C[C[C[C[1P
[K[A[C[C[C[C[C[C[C[C[C[C[C[C[C[C[C[C[C[C[C[C[C[C[C[C[C[C[C[C[C[C[C[C[C[C[C[C[C[C[C[C[C[C[C[C[C[C[C[C[C[C[C[C[C[C[C[C[C[C[C[C[C[1P[1P[1P[1P[1P[1P[1P[1P[1P[1P[1P[1P[1@z[1@ [1@e[1@x[1@e[1@c[1@s[1@t[1@a[1@c[1@k[1@ 
Part3b.c: In function â€˜dumbâ€™:
Part3b.c:31:11: warning: assignment makes integer from pointer without a cast [enabled by default]
      *hold=filename;
           ^
Part3b.c: In function â€˜mainâ€™:
Part3b.c:49:7: warning: format â€˜%dâ€™ expects argument of type â€˜intâ€™, but argument 2 has type â€˜size_tâ€™ [-Wformat=]
       printf("\\Length of Input String:%d\\", strlen(string));
       ^
root@js-156-92:/class/assignment/Submitted# gcc -z execstack Part3b.c -o Part3b./Part3b[K


Error: No Command Line arg for vuln was given


Value of Test:7fffffffba78
Value of filename[0]:7fffffffba80
The attack buffer is going to need to be a little bit bigger than:ffff800000004580
root@js-156-92:/class/assignment/Submitted# ./Part3bgcc -z execstack Part3b.c -o Part3b./Part3b[Kgcc -fno-stack-protector Part3b.c -o  Part3b[A[C[C[C[C[C[C[C[C[C[C[C[C[C[C[C[C[C[C[C[C[C[C[C[C[C[C[C[C[C[C[C[C[C[C[C[C[C[C[C[C[C[C[C[C[C[C[C[C[C[C[C[C[C[C[C[C[C[C[C[C[C[C[C[C[C[C[C[C[C[C[C[C[C[C[C[C[C[C[C-Part3b.c -o Part3b[A[C[C[C[C[C[C[C[C[C[C[C[C[C[C[C[C[C[C[C[C[C[C[C[C[C[C[C[C[C[C[C[C[C[C[C[C[C[C[C[C[C[C[C[C[C[C[C[C[C[C[C[C[C[C[C[C[C[C[C[C[C[CzPart3b.c -o Part3b[A[C[C[C[C[C[C[C[C[C[C[C[C[C[C[C[C[C[C[C[C[C[C[C[C[C[C[C[C[C[C[C[C[C[C[C[C[C[C[C[C[C[C[C[C[C[C[C[C[C[C[C[C[C[C[C[C[C[C[C[C[C[C Part3b.c [1@-[A[C[C[C[C[C[C[C[C[C[C[C[C[C[C[C[C[C[C[C[C[C[C[C[C[C[C[C[C[C[C[C[C[C[C[C[C[C[C[C[C[C[C[C[C[C[C[C[C[C[C[C[C[C[C[C[C[C[C[C[C[C[C[C[C[C[C[C[C[C[CePart3b.c[1@ [A[C[C[C[C[C[C[C[C[C[C[C[C[C[C[C[C[C[C[C[C[C[C[C[C[C[C[C[C[C[C[C[C[C[C[C[C[C[C[C[C[C[C[C[C[C[C[C[C[C[C[C[C[C[C[C[C[C[C[C[C[C[C[C[C[C[C[C[C[C[C[CxPart3b.[1@c[A[C[C[C[C[C[C[C[C[C[C[C[C[C[C[C[C[C[C[C[C[C[C[C[C[C[C[C[C[C[C[C[C[C[C[C[C[C[C[C[C[C[C[C[C[C[C[C[C[C[C[C[C[C[C[C[C[C[C[C[C[C[C[C[C[C[C[C[C[C[C[C[CePart3b[1@.[A[C[C[C[C[C[C[C[C[C[C[C[C[C[C[C[C[C[C[C[C[C[C[C[C[C[C[C[C[C[C[C[C[C[C[C[C[C[C[C[C[C[C[C[C[C[C[C[C[C[C[C[C[C[C[C[C[C[C[C[C[C[C[C[C[C[C[C[C[C[C[C[C[CcPart3[1@b[A[C[C[C[C[C[C[C[C[C[C[C[C[C[C[C[C[C[C[C[C[C[C[C[C[C[C[C[C[C[C[C[C[C[C[C[C[C[C[C[C[C[C[C[C[C[C[C[C[C[C[C[C[C[C[C[C[C[C[C[C[C[C[C[C[C[C[C[C[C[C[C[C[C[CsPart[1@3[A[C[C[C[C[C[C[C[C[C[C[C[C[C[C[C[C[C[C[C[C[C[C[C[C[C[C[C[C[C[C[C[C[C[C[C[C[C[C[C[C[C[C[C[C[C[C[C[C[C[C[C[C[C[C[C[C[C[C[C[C[C[C[C[C[C[C[C[C[C[C[C[C[C[C[CtPar[1@t[A[C[C[C[C[C[C[C[C[C[C[C[C[C[C[C[C[C[C[C[C[C[C[C[C[C[C[C[C[C[C[C[C[C[C[C[C[C[C[C[C[C[C[C[C[C[C[C[C[C[C[C[C[C[C[C[C[C[C[C[C[C[C[C[C[C[C[C[C[C[C[C[C[C[C[C[CaPa[1@r[A[C[C[C[C[C[C[C[C[C[C[C[C[C[C[C[C[C[C[C[C[C[C[C[C[C[C[C[C[C[C[C[C[C[C[C[C[C[C[C[C[C[C[C[C[C[C[C[C[C[C[C[C[C[C[C[C[C[C[C[C[C[C[C[C[C[C[C[C[C[C[C[C[C[C[C[C[CcP[1@a[1@k[1@ 
Part3b.c: In function â€˜dumbâ€™:
Part3b.c:31:11: warning: assignment makes integer from pointer without a cast [enabled by default]
      *hold=filename;
           ^
Part3b.c: In function â€˜mainâ€™:
Part3b.c:49:7: warning: format â€˜%dâ€™ expects argument of type â€˜intâ€™, but argument 2 has type â€˜size_tâ€™ [-Wformat=]
       printf("\\Length of Input String:%d\\", strlen(string));
       ^
root@js-156-92:/class/assignment/Submitted# ./Part3b


Error: No Command Line arg for vuln was given


Value of Test:7fffffffbe98
Value of filename[0]:7fffffffba90
The attack buffer is going to need to be a little bit bigger than:2b50
# 
# 
# exit
root@js-156-92:/class/assignment/Submitted# exu[Kit
Script done on Fri 31 Mar 2017 11:26:17 PM EDT
